MPLINK 4.49, Linker
Linker Map File - Created Wed Apr 01 13:17:34 2015

                                 Section Info
                  Section       Type    Address   Location Size(Bytes)
                ---------  ---------  ---------  ---------  ---------
                   .org_0       code   0x000000    program   0x000000
                   .org_1       code   0x000000    program   0x000002
                   .org_2       code   0x000004    program   0x000002
                   .org_3       code   0x000005    program   0x000616
                   .org_4       code   0x000800    program   0x000000
                   .org_5       code   0x001000    program   0x000000
                   .org_6       code   0x001800    program   0x000000
                   .org_7       code   0x002000    program   0x000000
                   .org_8       code   0x002800    program   0x000000
                   .org_9       code   0x003000    program   0x000000
                  .org_10       code   0x003800    program   0x000000
.config_8007_I2CHARDWAREDISCOVERY TO TERMINAL       code   0x008007    program   0x000002
.config_8008_I2CHARDWAREDISCOVERY TO TERMINAL       code   0x008008    program   0x000002



                              Program Memory Usage 
                               Start         End      
                           ---------   ---------      
                            0x000000    0x000000      
                            0x000004    0x00030f      
                            0x008007    0x008008      
            783 out of 16647 program addresses used, program memory utilization is 4%



                              Symbols - Sorted by Name
                     Name    Address   Location    Storage File                     
                ---------  ---------  ---------  --------- ---------                
              AVRHIC2INIT   0x000057    program     static D:\Build\GCB@Syn\GreatCowBasic\Demos\New\I2C Solutions\I2C Discovery\i2cHardwareDiscovery to Terminal_16F1938.asm
            BASPROGRAMEND   0x000055    program     static D:\Build\GCB@Syn\GreatCowBasic\Demos\New\I2C Solutions\I2C Discovery\i2cHardwareDiscovery to Terminal_16F1938.asm
          BASPROGRAMSTART   0x000005    program     static D:\Build\GCB@Syn\GreatCowBasic\Demos\New\I2C Solutions\I2C Discovery\i2cHardwareDiscovery to Terminal_16F1938.asm
           DISPLAYDEVICES   0x000059    program     static D:\Build\GCB@Syn\GreatCowBasic\Demos\New\I2C Solutions\I2C Discovery\i2cHardwareDiscovery to Terminal_16F1938.asm
                DMS_INNER   0x000118    program     static D:\Build\GCB@Syn\GreatCowBasic\Demos\New\I2C Solutions\I2C Discovery\i2cHardwareDiscovery to Terminal_16F1938.asm
                DMS_OUTER   0x000116    program     static D:\Build\GCB@Syn\GreatCowBasic\Demos\New\I2C Solutions\I2C Discovery\i2cHardwareDiscovery to Terminal_16F1938.asm
                DMS_START   0x000114    program     static D:\Build\GCB@Syn\GreatCowBasic\Demos\New\I2C Solutions\I2C Discovery\i2cHardwareDiscovery to Terminal_16F1938.asm
                 Delay_MS   0x000113    program     static D:\Build\GCB@Syn\GreatCowBasic\Demos\New\I2C Solutions\I2C Discovery\i2cHardwareDiscovery to Terminal_16F1938.asm
                 ELSE12_1   0x000199    program     static D:\Build\GCB@Syn\GreatCowBasic\Demos\New\I2C Solutions\I2C Discovery\i2cHardwareDiscovery to Terminal_16F1938.asm
                 ELSE13_1   0x0001a9    program     static D:\Build\GCB@Syn\GreatCowBasic\Demos\New\I2C Solutions\I2C Discovery\i2cHardwareDiscovery to Terminal_16F1938.asm
                 ELSE14_1   0x00017d    program     static D:\Build\GCB@Syn\GreatCowBasic\Demos\New\I2C Solutions\I2C Discovery\i2cHardwareDiscovery to Terminal_16F1938.asm
                   ENDIF1   0x000048    program     static D:\Build\GCB@Syn\GreatCowBasic\Demos\New\I2C Solutions\I2C Discovery\i2cHardwareDiscovery to Terminal_16F1938.asm
                  ENDIF10   0x000160    program     static D:\Build\GCB@Syn\GreatCowBasic\Demos\New\I2C Solutions\I2C Discovery\i2cHardwareDiscovery to Terminal_16F1938.asm
                  ENDIF11   0x00016a    program     static D:\Build\GCB@Syn\GreatCowBasic\Demos\New\I2C Solutions\I2C Discovery\i2cHardwareDiscovery to Terminal_16F1938.asm
                  ENDIF12   0x00019c    program     static D:\Build\GCB@Syn\GreatCowBasic\Demos\New\I2C Solutions\I2C Discovery\i2cHardwareDiscovery to Terminal_16F1938.asm
                  ENDIF13   0x0001ac    program     static D:\Build\GCB@Syn\GreatCowBasic\Demos\New\I2C Solutions\I2C Discovery\i2cHardwareDiscovery to Terminal_16F1938.asm
                  ENDIF14   0x00017f    program     static D:\Build\GCB@Syn\GreatCowBasic\Demos\New\I2C Solutions\I2C Discovery\i2cHardwareDiscovery to Terminal_16F1938.asm
                  ENDIF15   0x000187    program     static D:\Build\GCB@Syn\GreatCowBasic\Demos\New\I2C Solutions\I2C Discovery\i2cHardwareDiscovery to Terminal_16F1938.asm
                  ENDIF16   0x00018e    program     static D:\Build\GCB@Syn\GreatCowBasic\Demos\New\I2C Solutions\I2C Discovery\i2cHardwareDiscovery to Terminal_16F1938.asm
                   ENDIF3   0x00012d    program     static D:\Build\GCB@Syn\GreatCowBasic\Demos\New\I2C Solutions\I2C Discovery\i2cHardwareDiscovery to Terminal_16F1938.asm
                   ENDIF5   0x000141    program     static D:\Build\GCB@Syn\GreatCowBasic\Demos\New\I2C Solutions\I2C Discovery\i2cHardwareDiscovery to Terminal_16F1938.asm
                   ENDIF6   0x0001d2    program     static D:\Build\GCB@Syn\GreatCowBasic\Demos\New\I2C Solutions\I2C Discovery\i2cHardwareDiscovery to Terminal_16F1938.asm
                   ENDIF9   0x000157    program     static D:\Build\GCB@Syn\GreatCowBasic\Demos\New\I2C Solutions\I2C Discovery\i2cHardwareDiscovery to Terminal_16F1938.asm
                   FN_HEX   0x000121    program     static D:\Build\GCB@Syn\GreatCowBasic\Demos\New\I2C Solutions\I2C Discovery\i2cHardwareDiscovery to Terminal_16F1938.asm
                 HI2CMODE   0x000147    program     static D:\Build\GCB@Syn\GreatCowBasic\Demos\New\I2C Solutions\I2C Discovery\i2cHardwareDiscovery to Terminal_16F1938.asm
                 HI2CSEND   0x00016e    program     static D:\Build\GCB@Syn\GreatCowBasic\Demos\New\I2C Solutions\I2C Discovery\i2cHardwareDiscovery to Terminal_16F1938.asm
                HI2CSTART   0x000190    program     static D:\Build\GCB@Syn\GreatCowBasic\Demos\New\I2C Solutions\I2C Discovery\i2cHardwareDiscovery to Terminal_16F1938.asm
                 HI2CSTOP   0x00019e    program     static D:\Build\GCB@Syn\GreatCowBasic\Demos\New\I2C Solutions\I2C Discovery\i2cHardwareDiscovery to Terminal_16F1938.asm
             HI2CWAITMSSP   0x0001ae    program     static D:\Build\GCB@Syn\GreatCowBasic\Demos\New\I2C Solutions\I2C Discovery\i2cHardwareDiscovery to Terminal_16F1938.asm
             HSERPRINT170   0x0001b2    program     static D:\Build\GCB@Syn\GreatCowBasic\Demos\New\I2C Solutions\I2C Discovery\i2cHardwareDiscovery to Terminal_16F1938.asm
            HSERPRINTCRLF   0x0001d3    program     static D:\Build\GCB@Syn\GreatCowBasic\Demos\New\I2C Solutions\I2C Discovery\i2cHardwareDiscovery to Terminal_16F1938.asm
                 HSERSEND   0x0001e4    program     static D:\Build\GCB@Syn\GreatCowBasic\Demos\New\I2C Solutions\I2C Discovery\i2cHardwareDiscovery to Terminal_16F1938.asm
                  INITSYS   0x0001eb    program     static D:\Build\GCB@Syn\GreatCowBasic\Demos\New\I2C Solutions\I2C Discovery\i2cHardwareDiscovery to Terminal_16F1938.asm
                INITUSART   0x0001ff    program     static D:\Build\GCB@Syn\GreatCowBasic\Demos\New\I2C Solutions\I2C Discovery\i2cHardwareDiscovery to Terminal_16F1938.asm
            RETRYHI2CSEND   0x00016e    program     static D:\Build\GCB@Syn\GreatCowBasic\Demos\New\I2C Solutions\I2C Discovery\i2cHardwareDiscovery to Terminal_16F1938.asm
             StringTable1   0x000213    program     static D:\Build\GCB@Syn\GreatCowBasic\Demos\New\I2C Solutions\I2C Discovery\i2cHardwareDiscovery to Terminal_16F1938.asm
            StringTable10   0x0002e3    program     static D:\Build\GCB@Syn\GreatCowBasic\Demos\New\I2C Solutions\I2C Discovery\i2cHardwareDiscovery to Terminal_16F1938.asm
            StringTable11   0x0002f5    program     static D:\Build\GCB@Syn\GreatCowBasic\Demos\New\I2C Solutions\I2C Discovery\i2cHardwareDiscovery to Terminal_16F1938.asm
            StringTable12   0x000301    program     static D:\Build\GCB@Syn\GreatCowBasic\Demos\New\I2C Solutions\I2C Discovery\i2cHardwareDiscovery to Terminal_16F1938.asm
             StringTable2   0x00023c    program     static D:\Build\GCB@Syn\GreatCowBasic\Demos\New\I2C Solutions\I2C Discovery\i2cHardwareDiscovery to Terminal_16F1938.asm
             StringTable3   0x000243    program     static D:\Build\GCB@Syn\GreatCowBasic\Demos\New\I2C Solutions\I2C Discovery\i2cHardwareDiscovery to Terminal_16F1938.asm
             StringTable4   0x000258    program     static D:\Build\GCB@Syn\GreatCowBasic\Demos\New\I2C Solutions\I2C Discovery\i2cHardwareDiscovery to Terminal_16F1938.asm
             StringTable5   0x000275    program     static D:\Build\GCB@Syn\GreatCowBasic\Demos\New\I2C Solutions\I2C Discovery\i2cHardwareDiscovery to Terminal_16F1938.asm
             StringTable6   0x00028c    program     static D:\Build\GCB@Syn\GreatCowBasic\Demos\New\I2C Solutions\I2C Discovery\i2cHardwareDiscovery to Terminal_16F1938.asm
             StringTable7   0x0002a7    program     static D:\Build\GCB@Syn\GreatCowBasic\Demos\New\I2C Solutions\I2C Discovery\i2cHardwareDiscovery to Terminal_16F1938.asm
             StringTable8   0x0002b8    program     static D:\Build\GCB@Syn\GreatCowBasic\Demos\New\I2C Solutions\I2C Discovery\i2cHardwareDiscovery to Terminal_16F1938.asm
             StringTable9   0x0002cd    program     static D:\Build\GCB@Syn\GreatCowBasic\Demos\New\I2C Solutions\I2C Discovery\i2cHardwareDiscovery to Terminal_16F1938.asm
              SysForLoop1   0x000025    program     static D:\Build\GCB@Syn\GreatCowBasic\Demos\New\I2C Solutions\I2C Discovery\i2cHardwareDiscovery to Terminal_16F1938.asm
              SysForLoop2   0x000133    program     static D:\Build\GCB@Syn\GreatCowBasic\Demos\New\I2C Solutions\I2C Discovery\i2cHardwareDiscovery to Terminal_16F1938.asm
              SysForLoop3   0x0001c0    program     static D:\Build\GCB@Syn\GreatCowBasic\Demos\New\I2C Solutions\I2C Discovery\i2cHardwareDiscovery to Terminal_16F1938.asm
           SysForLoopEnd1   0x00004d    program     static D:\Build\GCB@Syn\GreatCowBasic\Demos\New\I2C Solutions\I2C Discovery\i2cHardwareDiscovery to Terminal_16F1938.asm
           SysForLoopEnd2   0x000139    program     static D:\Build\GCB@Syn\GreatCowBasic\Demos\New\I2C Solutions\I2C Discovery\i2cHardwareDiscovery to Terminal_16F1938.asm
           SysForLoopEnd3   0x0001d2    program     static D:\Build\GCB@Syn\GreatCowBasic\Demos\New\I2C Solutions\I2C Discovery\i2cHardwareDiscovery to Terminal_16F1938.asm
           SysRepeatLoop1   0x0001d7    program     static D:\Build\GCB@Syn\GreatCowBasic\Demos\New\I2C Solutions\I2C Discovery\i2cHardwareDiscovery to Terminal_16F1938.asm
        SysRepeatLoopEnd1   0x0001e3    program     static D:\Build\GCB@Syn\GreatCowBasic\Demos\New\I2C Solutions\I2C Discovery\i2cHardwareDiscovery to Terminal_16F1938.asm
          SysSelect1Case1   0x000059    program     static D:\Build\GCB@Syn\GreatCowBasic\Demos\New\I2C Solutions\I2C Discovery\i2cHardwareDiscovery to Terminal_16F1938.asm
         SysSelect1Case10   0x0000b3    program     static D:\Build\GCB@Syn\GreatCowBasic\Demos\New\I2C Solutions\I2C Discovery\i2cHardwareDiscovery to Terminal_16F1938.asm
         SysSelect1Case11   0x0000bd    program     static D:\Build\GCB@Syn\GreatCowBasic\Demos\New\I2C Solutions\I2C Discovery\i2cHardwareDiscovery to Terminal_16F1938.asm
         SysSelect1Case12   0x0000c7    program     static D:\Build\GCB@Syn\GreatCowBasic\Demos\New\I2C Solutions\I2C Discovery\i2cHardwareDiscovery to Terminal_16F1938.asm
         SysSelect1Case13   0x0000d1    program     static D:\Build\GCB@Syn\GreatCowBasic\Demos\New\I2C Solutions\I2C Discovery\i2cHardwareDiscovery to Terminal_16F1938.asm
         SysSelect1Case14   0x0000db    program     static D:\Build\GCB@Syn\GreatCowBasic\Demos\New\I2C Solutions\I2C Discovery\i2cHardwareDiscovery to Terminal_16F1938.asm
         SysSelect1Case15   0x0000e5    program     static D:\Build\GCB@Syn\GreatCowBasic\Demos\New\I2C Solutions\I2C Discovery\i2cHardwareDiscovery to Terminal_16F1938.asm
         SysSelect1Case16   0x0000ef    program     static D:\Build\GCB@Syn\GreatCowBasic\Demos\New\I2C Solutions\I2C Discovery\i2cHardwareDiscovery to Terminal_16F1938.asm
         SysSelect1Case17   0x0000f9    program     static D:\Build\GCB@Syn\GreatCowBasic\Demos\New\I2C Solutions\I2C Discovery\i2cHardwareDiscovery to Terminal_16F1938.asm
         SysSelect1Case18   0x000103    program     static D:\Build\GCB@Syn\GreatCowBasic\Demos\New\I2C Solutions\I2C Discovery\i2cHardwareDiscovery to Terminal_16F1938.asm
         SysSelect1Case19   0x00010d    program     static D:\Build\GCB@Syn\GreatCowBasic\Demos\New\I2C Solutions\I2C Discovery\i2cHardwareDiscovery to Terminal_16F1938.asm
          SysSelect1Case2   0x000063    program     static D:\Build\GCB@Syn\GreatCowBasic\Demos\New\I2C Solutions\I2C Discovery\i2cHardwareDiscovery to Terminal_16F1938.asm
         SysSelect1Case20   0x000112    program     static D:\Build\GCB@Syn\GreatCowBasic\Demos\New\I2C Solutions\I2C Discovery\i2cHardwareDiscovery to Terminal_16F1938.asm
          SysSelect1Case3   0x00006d    program     static D:\Build\GCB@Syn\GreatCowBasic\Demos\New\I2C Solutions\I2C Discovery\i2cHardwareDiscovery to Terminal_16F1938.asm
          SysSelect1Case4   0x000077    program     static D:\Build\GCB@Syn\GreatCowBasic\Demos\New\I2C Solutions\I2C Discovery\i2cHardwareDiscovery to Terminal_16F1938.asm
          SysSelect1Case5   0x000081    program     static D:\Build\GCB@Syn\GreatCowBasic\Demos\New\I2C Solutions\I2C Discovery\i2cHardwareDiscovery to Terminal_16F1938.asm
          SysSelect1Case6   0x00008b    program     static D:\Build\GCB@Syn\GreatCowBasic\Demos\New\I2C Solutions\I2C Discovery\i2cHardwareDiscovery to Terminal_16F1938.asm
          SysSelect1Case7   0x000095    program     static D:\Build\GCB@Syn\GreatCowBasic\Demos\New\I2C Solutions\I2C Discovery\i2cHardwareDiscovery to Terminal_16F1938.asm
          SysSelect1Case8   0x00009f    program     static D:\Build\GCB@Syn\GreatCowBasic\Demos\New\I2C Solutions\I2C Discovery\i2cHardwareDiscovery to Terminal_16F1938.asm
          SysSelect1Case9   0x0000a9    program     static D:\Build\GCB@Syn\GreatCowBasic\Demos\New\I2C Solutions\I2C Discovery\i2cHardwareDiscovery to Terminal_16F1938.asm
            SysSelectEnd1   0x000112    program     static D:\Build\GCB@Syn\GreatCowBasic\Demos\New\I2C Solutions\I2C Discovery\i2cHardwareDiscovery to Terminal_16F1938.asm
          SysStringTables   0x00020c    program     static D:\Build\GCB@Syn\GreatCowBasic\Demos\New\I2C Solutions\I2C Discovery\i2cHardwareDiscovery to Terminal_16F1938.asm
             SysWaitLoop1   0x0001e4    program     static D:\Build\GCB@Syn\GreatCowBasic\Demos\New\I2C Solutions\I2C Discovery\i2cHardwareDiscovery to Terminal_16F1938.asm
             SysWaitLoop2   0x000199    program     static D:\Build\GCB@Syn\GreatCowBasic\Demos\New\I2C Solutions\I2C Discovery\i2cHardwareDiscovery to Terminal_16F1938.asm
             SysWaitLoop3   0x0001a2    program     static D:\Build\GCB@Syn\GreatCowBasic\Demos\New\I2C Solutions\I2C Discovery\i2cHardwareDiscovery to Terminal_16F1938.asm
             SysWaitLoop4   0x0001a9    program     static D:\Build\GCB@Syn\GreatCowBasic\Demos\New\I2C Solutions\I2C Discovery\i2cHardwareDiscovery to Terminal_16F1938.asm



                              Symbols - Sorted by Address
                     Name    Address   Location    Storage File                     
                ---------  ---------  ---------  --------- ---------                
          BASPROGRAMSTART   0x000005    program     static D:\Build\GCB@Syn\GreatCowBasic\Demos\New\I2C Solutions\I2C Discovery\i2cHardwareDiscovery to Terminal_16F1938.asm
              SysForLoop1   0x000025    program     static D:\Build\GCB@Syn\GreatCowBasic\Demos\New\I2C Solutions\I2C Discovery\i2cHardwareDiscovery to Terminal_16F1938.asm
                   ENDIF1   0x000048    program     static D:\Build\GCB@Syn\GreatCowBasic\Demos\New\I2C Solutions\I2C Discovery\i2cHardwareDiscovery to Terminal_16F1938.asm
           SysForLoopEnd1   0x00004d    program     static D:\Build\GCB@Syn\GreatCowBasic\Demos\New\I2C Solutions\I2C Discovery\i2cHardwareDiscovery to Terminal_16F1938.asm
            BASPROGRAMEND   0x000055    program     static D:\Build\GCB@Syn\GreatCowBasic\Demos\New\I2C Solutions\I2C Discovery\i2cHardwareDiscovery to Terminal_16F1938.asm
              AVRHIC2INIT   0x000057    program     static D:\Build\GCB@Syn\GreatCowBasic\Demos\New\I2C Solutions\I2C Discovery\i2cHardwareDiscovery to Terminal_16F1938.asm
          SysSelect1Case1   0x000059    program     static D:\Build\GCB@Syn\GreatCowBasic\Demos\New\I2C Solutions\I2C Discovery\i2cHardwareDiscovery to Terminal_16F1938.asm
           DISPLAYDEVICES   0x000059    program     static D:\Build\GCB@Syn\GreatCowBasic\Demos\New\I2C Solutions\I2C Discovery\i2cHardwareDiscovery to Terminal_16F1938.asm
          SysSelect1Case2   0x000063    program     static D:\Build\GCB@Syn\GreatCowBasic\Demos\New\I2C Solutions\I2C Discovery\i2cHardwareDiscovery to Terminal_16F1938.asm
          SysSelect1Case3   0x00006d    program     static D:\Build\GCB@Syn\GreatCowBasic\Demos\New\I2C Solutions\I2C Discovery\i2cHardwareDiscovery to Terminal_16F1938.asm
          SysSelect1Case4   0x000077    program     static D:\Build\GCB@Syn\GreatCowBasic\Demos\New\I2C Solutions\I2C Discovery\i2cHardwareDiscovery to Terminal_16F1938.asm
          SysSelect1Case5   0x000081    program     static D:\Build\GCB@Syn\GreatCowBasic\Demos\New\I2C Solutions\I2C Discovery\i2cHardwareDiscovery to Terminal_16F1938.asm
          SysSelect1Case6   0x00008b    program     static D:\Build\GCB@Syn\GreatCowBasic\Demos\New\I2C Solutions\I2C Discovery\i2cHardwareDiscovery to Terminal_16F1938.asm
          SysSelect1Case7   0x000095    program     static D:\Build\GCB@Syn\GreatCowBasic\Demos\New\I2C Solutions\I2C Discovery\i2cHardwareDiscovery to Terminal_16F1938.asm
          SysSelect1Case8   0x00009f    program     static D:\Build\GCB@Syn\GreatCowBasic\Demos\New\I2C Solutions\I2C Discovery\i2cHardwareDiscovery to Terminal_16F1938.asm
          SysSelect1Case9   0x0000a9    program     static D:\Build\GCB@Syn\GreatCowBasic\Demos\New\I2C Solutions\I2C Discovery\i2cHardwareDiscovery to Terminal_16F1938.asm
         SysSelect1Case10   0x0000b3    program     static D:\Build\GCB@Syn\GreatCowBasic\Demos\New\I2C Solutions\I2C Discovery\i2cHardwareDiscovery to Terminal_16F1938.asm
         SysSelect1Case11   0x0000bd    program     static D:\Build\GCB@Syn\GreatCowBasic\Demos\New\I2C Solutions\I2C Discovery\i2cHardwareDiscovery to Terminal_16F1938.asm
         SysSelect1Case12   0x0000c7    program     static D:\Build\GCB@Syn\GreatCowBasic\Demos\New\I2C Solutions\I2C Discovery\i2cHardwareDiscovery to Terminal_16F1938.asm
         SysSelect1Case13   0x0000d1    program     static D:\Build\GCB@Syn\GreatCowBasic\Demos\New\I2C Solutions\I2C Discovery\i2cHardwareDiscovery to Terminal_16F1938.asm
         SysSelect1Case14   0x0000db    program     static D:\Build\GCB@Syn\GreatCowBasic\Demos\New\I2C Solutions\I2C Discovery\i2cHardwareDiscovery to Terminal_16F1938.asm
         SysSelect1Case15   0x0000e5    program     static D:\Build\GCB@Syn\GreatCowBasic\Demos\New\I2C Solutions\I2C Discovery\i2cHardwareDiscovery to Terminal_16F1938.asm
         SysSelect1Case16   0x0000ef    program     static D:\Build\GCB@Syn\GreatCowBasic\Demos\New\I2C Solutions\I2C Discovery\i2cHardwareDiscovery to Terminal_16F1938.asm
         SysSelect1Case17   0x0000f9    program     static D:\Build\GCB@Syn\GreatCowBasic\Demos\New\I2C Solutions\I2C Discovery\i2cHardwareDiscovery to Terminal_16F1938.asm
         SysSelect1Case18   0x000103    program     static D:\Build\GCB@Syn\GreatCowBasic\Demos\New\I2C Solutions\I2C Discovery\i2cHardwareDiscovery to Terminal_16F1938.asm
         SysSelect1Case19   0x00010d    program     static D:\Build\GCB@Syn\GreatCowBasic\Demos\New\I2C Solutions\I2C Discovery\i2cHardwareDiscovery to Terminal_16F1938.asm
         SysSelect1Case20   0x000112    program     static D:\Build\GCB@Syn\GreatCowBasic\Demos\New\I2C Solutions\I2C Discovery\i2cHardwareDiscovery to Terminal_16F1938.asm
            SysSelectEnd1   0x000112    program     static D:\Build\GCB@Syn\GreatCowBasic\Demos\New\I2C Solutions\I2C Discovery\i2cHardwareDiscovery to Terminal_16F1938.asm
                 Delay_MS   0x000113    program     static D:\Build\GCB@Syn\GreatCowBasic\Demos\New\I2C Solutions\I2C Discovery\i2cHardwareDiscovery to Terminal_16F1938.asm
                DMS_START   0x000114    program     static D:\Build\GCB@Syn\GreatCowBasic\Demos\New\I2C Solutions\I2C Discovery\i2cHardwareDiscovery to Terminal_16F1938.asm
                DMS_OUTER   0x000116    program     static D:\Build\GCB@Syn\GreatCowBasic\Demos\New\I2C Solutions\I2C Discovery\i2cHardwareDiscovery to Terminal_16F1938.asm
                DMS_INNER   0x000118    program     static D:\Build\GCB@Syn\GreatCowBasic\Demos\New\I2C Solutions\I2C Discovery\i2cHardwareDiscovery to Terminal_16F1938.asm
                   FN_HEX   0x000121    program     static D:\Build\GCB@Syn\GreatCowBasic\Demos\New\I2C Solutions\I2C Discovery\i2cHardwareDiscovery to Terminal_16F1938.asm
                   ENDIF3   0x00012d    program     static D:\Build\GCB@Syn\GreatCowBasic\Demos\New\I2C Solutions\I2C Discovery\i2cHardwareDiscovery to Terminal_16F1938.asm
              SysForLoop2   0x000133    program     static D:\Build\GCB@Syn\GreatCowBasic\Demos\New\I2C Solutions\I2C Discovery\i2cHardwareDiscovery to Terminal_16F1938.asm
           SysForLoopEnd2   0x000139    program     static D:\Build\GCB@Syn\GreatCowBasic\Demos\New\I2C Solutions\I2C Discovery\i2cHardwareDiscovery to Terminal_16F1938.asm
                   ENDIF5   0x000141    program     static D:\Build\GCB@Syn\GreatCowBasic\Demos\New\I2C Solutions\I2C Discovery\i2cHardwareDiscovery to Terminal_16F1938.asm
                 HI2CMODE   0x000147    program     static D:\Build\GCB@Syn\GreatCowBasic\Demos\New\I2C Solutions\I2C Discovery\i2cHardwareDiscovery to Terminal_16F1938.asm
                   ENDIF9   0x000157    program     static D:\Build\GCB@Syn\GreatCowBasic\Demos\New\I2C Solutions\I2C Discovery\i2cHardwareDiscovery to Terminal_16F1938.asm
                  ENDIF10   0x000160    program     static D:\Build\GCB@Syn\GreatCowBasic\Demos\New\I2C Solutions\I2C Discovery\i2cHardwareDiscovery to Terminal_16F1938.asm
                  ENDIF11   0x00016a    program     static D:\Build\GCB@Syn\GreatCowBasic\Demos\New\I2C Solutions\I2C Discovery\i2cHardwareDiscovery to Terminal_16F1938.asm
            RETRYHI2CSEND   0x00016e    program     static D:\Build\GCB@Syn\GreatCowBasic\Demos\New\I2C Solutions\I2C Discovery\i2cHardwareDiscovery to Terminal_16F1938.asm
                 HI2CSEND   0x00016e    program     static D:\Build\GCB@Syn\GreatCowBasic\Demos\New\I2C Solutions\I2C Discovery\i2cHardwareDiscovery to Terminal_16F1938.asm
                 ELSE14_1   0x00017d    program     static D:\Build\GCB@Syn\GreatCowBasic\Demos\New\I2C Solutions\I2C Discovery\i2cHardwareDiscovery to Terminal_16F1938.asm
                  ENDIF14   0x00017f    program     static D:\Build\GCB@Syn\GreatCowBasic\Demos\New\I2C Solutions\I2C Discovery\i2cHardwareDiscovery to Terminal_16F1938.asm
                  ENDIF15   0x000187    program     static D:\Build\GCB@Syn\GreatCowBasic\Demos\New\I2C Solutions\I2C Discovery\i2cHardwareDiscovery to Terminal_16F1938.asm
                  ENDIF16   0x00018e    program     static D:\Build\GCB@Syn\GreatCowBasic\Demos\New\I2C Solutions\I2C Discovery\i2cHardwareDiscovery to Terminal_16F1938.asm
                HI2CSTART   0x000190    program     static D:\Build\GCB@Syn\GreatCowBasic\Demos\New\I2C Solutions\I2C Discovery\i2cHardwareDiscovery to Terminal_16F1938.asm
                 ELSE12_1   0x000199    program     static D:\Build\GCB@Syn\GreatCowBasic\Demos\New\I2C Solutions\I2C Discovery\i2cHardwareDiscovery to Terminal_16F1938.asm
             SysWaitLoop2   0x000199    program     static D:\Build\GCB@Syn\GreatCowBasic\Demos\New\I2C Solutions\I2C Discovery\i2cHardwareDiscovery to Terminal_16F1938.asm
                  ENDIF12   0x00019c    program     static D:\Build\GCB@Syn\GreatCowBasic\Demos\New\I2C Solutions\I2C Discovery\i2cHardwareDiscovery to Terminal_16F1938.asm
                 HI2CSTOP   0x00019e    program     static D:\Build\GCB@Syn\GreatCowBasic\Demos\New\I2C Solutions\I2C Discovery\i2cHardwareDiscovery to Terminal_16F1938.asm
             SysWaitLoop3   0x0001a2    program     static D:\Build\GCB@Syn\GreatCowBasic\Demos\New\I2C Solutions\I2C Discovery\i2cHardwareDiscovery to Terminal_16F1938.asm
             SysWaitLoop4   0x0001a9    program     static D:\Build\GCB@Syn\GreatCowBasic\Demos\New\I2C Solutions\I2C Discovery\i2cHardwareDiscovery to Terminal_16F1938.asm
                 ELSE13_1   0x0001a9    program     static D:\Build\GCB@Syn\GreatCowBasic\Demos\New\I2C Solutions\I2C Discovery\i2cHardwareDiscovery to Terminal_16F1938.asm
                  ENDIF13   0x0001ac    program     static D:\Build\GCB@Syn\GreatCowBasic\Demos\New\I2C Solutions\I2C Discovery\i2cHardwareDiscovery to Terminal_16F1938.asm
             HI2CWAITMSSP   0x0001ae    program     static D:\Build\GCB@Syn\GreatCowBasic\Demos\New\I2C Solutions\I2C Discovery\i2cHardwareDiscovery to Terminal_16F1938.asm
             HSERPRINT170   0x0001b2    program     static D:\Build\GCB@Syn\GreatCowBasic\Demos\New\I2C Solutions\I2C Discovery\i2cHardwareDiscovery to Terminal_16F1938.asm
              SysForLoop3   0x0001c0    program     static D:\Build\GCB@Syn\GreatCowBasic\Demos\New\I2C Solutions\I2C Discovery\i2cHardwareDiscovery to Terminal_16F1938.asm
           SysForLoopEnd3   0x0001d2    program     static D:\Build\GCB@Syn\GreatCowBasic\Demos\New\I2C Solutions\I2C Discovery\i2cHardwareDiscovery to Terminal_16F1938.asm
                   ENDIF6   0x0001d2    program     static D:\Build\GCB@Syn\GreatCowBasic\Demos\New\I2C Solutions\I2C Discovery\i2cHardwareDiscovery to Terminal_16F1938.asm
            HSERPRINTCRLF   0x0001d3    program     static D:\Build\GCB@Syn\GreatCowBasic\Demos\New\I2C Solutions\I2C Discovery\i2cHardwareDiscovery to Terminal_16F1938.asm
           SysRepeatLoop1   0x0001d7    program     static D:\Build\GCB@Syn\GreatCowBasic\Demos\New\I2C Solutions\I2C Discovery\i2cHardwareDiscovery to Terminal_16F1938.asm
        SysRepeatLoopEnd1   0x0001e3    program     static D:\Build\GCB@Syn\GreatCowBasic\Demos\New\I2C Solutions\I2C Discovery\i2cHardwareDiscovery to Terminal_16F1938.asm
             SysWaitLoop1   0x0001e4    program     static D:\Build\GCB@Syn\GreatCowBasic\Demos\New\I2C Solutions\I2C Discovery\i2cHardwareDiscovery to Terminal_16F1938.asm
                 HSERSEND   0x0001e4    program     static D:\Build\GCB@Syn\GreatCowBasic\Demos\New\I2C Solutions\I2C Discovery\i2cHardwareDiscovery to Terminal_16F1938.asm
                  INITSYS   0x0001eb    program     static D:\Build\GCB@Syn\GreatCowBasic\Demos\New\I2C Solutions\I2C Discovery\i2cHardwareDiscovery to Terminal_16F1938.asm
                INITUSART   0x0001ff    program     static D:\Build\GCB@Syn\GreatCowBasic\Demos\New\I2C Solutions\I2C Discovery\i2cHardwareDiscovery to Terminal_16F1938.asm
          SysStringTables   0x00020c    program     static D:\Build\GCB@Syn\GreatCowBasic\Demos\New\I2C Solutions\I2C Discovery\i2cHardwareDiscovery to Terminal_16F1938.asm
             StringTable1   0x000213    program     static D:\Build\GCB@Syn\GreatCowBasic\Demos\New\I2C Solutions\I2C Discovery\i2cHardwareDiscovery to Terminal_16F1938.asm
             StringTable2   0x00023c    program     static D:\Build\GCB@Syn\GreatCowBasic\Demos\New\I2C Solutions\I2C Discovery\i2cHardwareDiscovery to Terminal_16F1938.asm
             StringTable3   0x000243    program     static D:\Build\GCB@Syn\GreatCowBasic\Demos\New\I2C Solutions\I2C Discovery\i2cHardwareDiscovery to Terminal_16F1938.asm
             StringTable4   0x000258    program     static D:\Build\GCB@Syn\GreatCowBasic\Demos\New\I2C Solutions\I2C Discovery\i2cHardwareDiscovery to Terminal_16F1938.asm
             StringTable5   0x000275    program     static D:\Build\GCB@Syn\GreatCowBasic\Demos\New\I2C Solutions\I2C Discovery\i2cHardwareDiscovery to Terminal_16F1938.asm
             StringTable6   0x00028c    program     static D:\Build\GCB@Syn\GreatCowBasic\Demos\New\I2C Solutions\I2C Discovery\i2cHardwareDiscovery to Terminal_16F1938.asm
             StringTable7   0x0002a7    program     static D:\Build\GCB@Syn\GreatCowBasic\Demos\New\I2C Solutions\I2C Discovery\i2cHardwareDiscovery to Terminal_16F1938.asm
             StringTable8   0x0002b8    program     static D:\Build\GCB@Syn\GreatCowBasic\Demos\New\I2C Solutions\I2C Discovery\i2cHardwareDiscovery to Terminal_16F1938.asm
             StringTable9   0x0002cd    program     static D:\Build\GCB@Syn\GreatCowBasic\Demos\New\I2C Solutions\I2C Discovery\i2cHardwareDiscovery to Terminal_16F1938.asm
            StringTable10   0x0002e3    program     static D:\Build\GCB@Syn\GreatCowBasic\Demos\New\I2C Solutions\I2C Discovery\i2cHardwareDiscovery to Terminal_16F1938.asm
            StringTable11   0x0002f5    program     static D:\Build\GCB@Syn\GreatCowBasic\Demos\New\I2C Solutions\I2C Discovery\i2cHardwareDiscovery to Terminal_16F1938.asm
            StringTable12   0x000301    program     static D:\Build\GCB@Syn\GreatCowBasic\Demos\New\I2C Solutions\I2C Discovery\i2cHardwareDiscovery to Terminal_16F1938.asm


